# frozen_string_literal: true
# This file is expanded by nanacl.

main = -> do # =================================================================
# frozen_string_literal: true

# require "lib" # (expanded: L14)

hello_world

end # --------------------------------------------------------------------------

# === dependencies -------------------------------------------------------------
# == lib from main -------------------------------------------------------------
# frozen_string_literal: true

def hello_world
  puts "Hello, world!"
end


# ==============================================================================

main.call
